template-test: 2026-03-19T08:11:06Z
